// Jest Snapshot v1, https://goo.gl/fbAQLP

exports[`This should be true It renders correctly 1`] = `
<div>
  More homes you may like
  <div
    className="outerCarouselComponent"
  >
    <div
      className="outerLeftButton"
      onClick={[Function]}
    />
    <div
      className="outerCarousel"
    >
      <div
        className="slider"
      >
        <span
          className="outerCarouselItem"
          style={
            Object {
              "background": "#bbaadd",
            }
          }
        >
          Outer Carousel Item Number 
          0
        </span>
        <span
          className="outerCarouselItem"
          style={
            Object {
              "background": "#bbddaa",
            }
          }
        >
          Outer Carousel Item Number 
          1
        </span>
        <span
          className="outerCarouselItem"
          style={
            Object {
              "background": "#aabbdd",
            }
          }
        >
          Outer Carousel Item Number 
          2
        </span>
        <span
          className="outerCarouselItem"
          style={
            Object {
              "background": "#aaddbb",
            }
          }
        >
          Outer Carousel Item Number 
          3
        </span>
        <span
          className="outerCarouselItem"
          style={
            Object {
              "background": "#ddbbaa",
            }
          }
        >
          Outer Carousel Item Number 
          4
        </span>
        <span
          className="outerCarouselItem"
          style={
            Object {
              "background": "#ddaabb",
            }
          }
        >
          Outer Carousel Item Number 
          5
        </span>
      </div>
    </div>
    <div
      className="outerRightButton"
      onClick={[Function]}
    />
  </div>
</div>
`;
