// Jest Snapshot v1, https://goo.gl/fbAQLP

exports[`This should be true It renders correctly 1`] = `
<div>
  <h1>
    More homes you may like
  </h1>
  <div
    className="outerCarouselComponent"
  >
    <div
      className="outerLeftButton"
      onClick={[Function]}
    />
    <div
      className="outerCarousel"
    >
      <div
        className="itemSlider"
      >
        <span
          className="outerCarouselItem"
        >
          <div
            className="innerCarouselComponent"
          >
            <div
              className="innerCarouselSlider"
            >
              <img
                className="innerCarouselItem"
                src="https://via.placeholder.com/335x320.png"
              />
              <img
                className="innerCarouselItem"
                src="https://via.placeholder.com/335x320.png"
              />
              <img
                className="innerCarouselItem"
                src="https://via.placeholder.com/335x320.png"
              />
            </div>
            <div
              className="leftImageButton"
              onClick={[Function]}
            />
            <div
              className="rightImageButton"
              onClick={[Function]}
            />
            <div
              className="heartButton"
            />
            <div
              className="metaData"
            >
              METADATA
            </div>
          </div>
        </span>
        <span
          className="outerCarouselItem"
        >
          <div
            className="innerCarouselComponent"
          >
            <div
              className="innerCarouselSlider"
            >
              <img
                className="innerCarouselItem"
                src="https://via.placeholder.com/335x320.png"
              />
              <img
                className="innerCarouselItem"
                src="https://via.placeholder.com/335x320.png"
              />
              <img
                className="innerCarouselItem"
                src="https://via.placeholder.com/335x320.png"
              />
            </div>
            <div
              className="leftImageButton"
              onClick={[Function]}
            />
            <div
              className="rightImageButton"
              onClick={[Function]}
            />
            <div
              className="heartButton"
            />
            <div
              className="metaData"
            >
              METADATA
            </div>
          </div>
        </span>
        <span
          className="outerCarouselItem"
        >
          <div
            className="innerCarouselComponent"
          >
            <div
              className="innerCarouselSlider"
            >
              <img
                className="innerCarouselItem"
                src="https://via.placeholder.com/335x320.png"
              />
              <img
                className="innerCarouselItem"
                src="https://via.placeholder.com/335x320.png"
              />
              <img
                className="innerCarouselItem"
                src="https://via.placeholder.com/335x320.png"
              />
            </div>
            <div
              className="leftImageButton"
              onClick={[Function]}
            />
            <div
              className="rightImageButton"
              onClick={[Function]}
            />
            <div
              className="heartButton"
            />
            <div
              className="metaData"
            >
              METADATA
            </div>
          </div>
        </span>
        <span
          className="outerCarouselItem"
        >
          <div
            className="innerCarouselComponent"
          >
            <div
              className="innerCarouselSlider"
            >
              <img
                className="innerCarouselItem"
                src="https://via.placeholder.com/335x320.png"
              />
              <img
                className="innerCarouselItem"
                src="https://via.placeholder.com/335x320.png"
              />
              <img
                className="innerCarouselItem"
                src="https://via.placeholder.com/335x320.png"
              />
            </div>
            <div
              className="leftImageButton"
              onClick={[Function]}
            />
            <div
              className="rightImageButton"
              onClick={[Function]}
            />
            <div
              className="heartButton"
            />
            <div
              className="metaData"
            >
              METADATA
            </div>
          </div>
        </span>
        <span
          className="outerCarouselItem"
        >
          <div
            className="innerCarouselComponent"
          >
            <div
              className="innerCarouselSlider"
            >
              <img
                className="innerCarouselItem"
                src="https://via.placeholder.com/335x320.png"
              />
              <img
                className="innerCarouselItem"
                src="https://via.placeholder.com/335x320.png"
              />
              <img
                className="innerCarouselItem"
                src="https://via.placeholder.com/335x320.png"
              />
            </div>
            <div
              className="leftImageButton"
              onClick={[Function]}
            />
            <div
              className="rightImageButton"
              onClick={[Function]}
            />
            <div
              className="heartButton"
            />
            <div
              className="metaData"
            >
              METADATA
            </div>
          </div>
        </span>
        <span
          className="outerCarouselItem"
        >
          <div
            className="innerCarouselComponent"
          >
            <div
              className="innerCarouselSlider"
            >
              <img
                className="innerCarouselItem"
                src="https://via.placeholder.com/335x320.png"
              />
              <img
                className="innerCarouselItem"
                src="https://via.placeholder.com/335x320.png"
              />
              <img
                className="innerCarouselItem"
                src="https://via.placeholder.com/335x320.png"
              />
            </div>
            <div
              className="leftImageButton"
              onClick={[Function]}
            />
            <div
              className="rightImageButton"
              onClick={[Function]}
            />
            <div
              className="heartButton"
            />
            <div
              className="metaData"
            >
              METADATA
            </div>
          </div>
        </span>
      </div>
    </div>
    <div
      className="outerRightButton"
      onClick={[Function]}
    />
  </div>
</div>
`;
