// Jest Snapshot v1, https://goo.gl/fbAQLP

exports[`This should be true It renders correctly 1`] = `
<div>
  <h1>
    More homes you may like
  </h1>
  <div
    className="outerCarouselComponent"
  >
    <div
      className="outerLeftButton"
      onClick={[Function]}
    />
    <div
      className="outerCarousel"
    >
      <div
        className="itemSlider"
      />
    </div>
    <div
      className="outerRightButton"
      onClick={[Function]}
    />
  </div>
</div>
`;
